// Jest Snapshot v1, https://goo.gl/fbAQLP

exports[`create alice-bobbi module with logging, with fs error (with defaults for Android & iOS) 1`] = `
Array [
  Object {
    "warn": Array [
      "While \`{DEFAULT_PACKAGE_IDENTIFIER}\` is the default package
      identifier, it is recommended to customize the package identifier.",
    ],
  },
  Object {
    "info": Array [
      "CREATE new React Native module with the following options:

                     name: alice-bobbi
    root moduleName
      (full package name): react-native-alice-bobbi
                  is view: false
 object class name prefix: 
        object class name: AliceBobbi
     library modulePrefix: react-native
Android packageIdentifier: com.reactlibrary
                platforms: android,ios
        Apple tvosEnabled: false
               authorName: Your Name
              authorEmail: yourname@email.com
     author githubAccount: github_account
                  license: MIT
       useAppleNetworking: false
",
    ],
  },
  Object {
    "info": Array [
      "CREATE: Generating the React Native library module",
    ],
  },
  Object {
    "ensureDir": "react-native-alice-bobbi",
  },
  Object {
    "error": Array [
      "Error while creating library module react-native-alice-bobbi<...>",
    ],
  },
  Object {
    "error": Array [
      "Error: ENOPERM not permitted
    <...>",
    ],
  },
]
`;
